===SYSTEM===
Linux SA-02 6.1.0-rc6 #1 SMP Sun May 25 09:59:00 MSK 2025 armv7l armv7l armv7l GNU/Linux
 02:19:38 up  1:50,  0 user,  load average: 0,14, 0,15, 0,17

===CPU===
Hardware	: Allwinner sun8i Family
model name	: ARMv7 Processor rev 5 (v7l)
Revision	: 0000

===MEMORY===
               total        used        free      shared  buff/cache   available
Mem:           492Mi        70Mi       120Mi       3,9Mi       316Mi       422Mi
Swap:             0B          0B          0B

===DISK===
Filesystem      Size  Used Avail Use% Mounted on
/dev/root       7,0G  1,4G  5,5G  21% /
/dev/root       7,0G  1,4G  5,5G  21% /
tmpfs           247M  8,0K  247M   1% /tmp

===NETWORK===
1: lo: <LOOPBACK,UP,LOWER_UP> mtu 65536 qdisc noqueue state UNKNOWN group default qlen 1000
    inet 127.0.0.1/8 scope host lo
       valid_lft forever preferred_lft forever
3: eth0: <BROADCAST,MULTICAST,UP,LOWER_UP> mtu 1500 qdisc pfifo_fast state UP group default qlen 1000
    inet 192.168.1.136/24 brd 192.168.1.255 scope global eth0
       valid_lft forever preferred_lft forever

---ROUTE---
default via 192.168.1.1 dev eth0 onlink 
192.168.1.0/24 dev eth0 proto kernel scope link src 192.168.1.136 

===ETH-DRIVER===
[eth0] carrier=1 operstate=up speed=100
Settings for eth0:
	Supported ports: [ TP	 MII ]
	Supported link modes:   10baseT/Half 10baseT/Full
	                        100baseT/Half 100baseT/Full
	Supported pause frame use: Symmetric Receive-only
	Supports auto-negotiation: Yes
	Supported FEC modes: Not reported
	Advertised link modes:  10baseT/Half 10baseT/Full
	                        100baseT/Half 100baseT/Full
	Advertised pause frame use: No
	Advertised auto-negotiation: Yes
	Advertised FEC modes: Not reported
	Link partner advertised link modes:  10baseT/Half 10baseT/Full
	                                     100baseT/Half 100baseT/Full
	Link partner advertised pause frame use: Symmetric Receive-only
	Link partner advertised auto-negotiation: Yes
	Link partner advertised FEC modes: Not reported
	Speed: 100Mb/s
	Duplex: Full
	Auto-negotiation: on
	Port: MII
	PHYAD: 0
	Transceiver: external
        Current message level: 0x00000000 (0)
                              

[eth1] carrier=0 operstate=down speed=-1
Settings for eth1:
	Supported ports: [ TP	 MII ]
	Supported link modes:   10baseT/Half 10baseT/Full
	                        100baseT/Half 100baseT/Full
	Supported pause frame use: Symmetric Receive-only
	Supports auto-negotiation: Yes
	Supported FEC modes: Not reported
	Advertised link modes:  10baseT/Half 10baseT/Full
	                        100baseT/Half 100baseT/Full
	Advertised pause frame use: Symmetric Receive-only
	Advertised auto-negotiation: Yes
	Advertised FEC modes: Not reported
	Speed: Unknown!
	Duplex: Unknown! (255)
	Auto-negotiation: on
	Port: MII
	PHYAD: 0
	Transceiver: external
	Supports Wake-on: d
	Wake-on: d
        Current message level: 0x0000003f (63)
                               drv probe link timer ifdown ifup
	Link detected: no

===NETPLAN-IFUPDOWN===
-rw-r--r-- 1 root root  102 мая 14  2026 /etc/network/interfaces

/etc/netplan/:
total 20
drwxr-xr-x   2 root root  4096 ноя 30  2023 .
drwxrwxr-x 103 root root 12288 янв  2 00:33 ..
-rw-rw-r--   1 root root    49 ноя 30  2023 armbian-default.yaml

/etc/network/interfaces.d/:
total 12
drwxr-xr-x 2 root root 4096 мая  4  2026 .
drwxr-xr-x 7 root root 4096 мая 24  2025 ..
-rw-r--r-- 1 root root  149 мая 14  2026 eth0.conf

--- /etc/network/interfaces.d/eth0.conf ---
auto eth0
iface eth0 inet static
    address 192.168.1.136
    netmask 255.255.255.0
    gateway 192.168.1.1
    dns-nameservers 77.88.8.8 77.88.8.1
--- /etc/network/interfaces ---
# Generated by СА-02м installer
source /etc/network/interfaces.d/*

auto lo
iface lo inet loopback
--- /etc/netplan/armbian-default.yaml ---
network:
  version: 2
  renderer: NetworkManager

===SSHD-CONFIG===
allowtcpforwarding yes
chrootdirectory none
clientalivecountmax 3
clientaliveinterval 0
gatewayports no
hostkeyagent none
hostkeyalgorithms ssh-ed25519-cert-v01@openssh.com,ecdsa-sha2-nistp256-cert-v01@openssh.com,ecdsa-sha2-nistp384-cert-v01@openssh.com,ecdsa-sha2-nistp521-cert-v01@openssh.com,sk-ssh-ed25519-cert-v01@openssh.com,sk-ecdsa-sha2-nistp256-cert-v01@openssh.com,rsa-sha2-512-cert-v01@openssh.com,rsa-sha2-256-cert-v01@openssh.com,ssh-ed25519,ecdsa-sha2-nistp256,ecdsa-sha2-nistp384,ecdsa-sha2-nistp521,sk-ssh-ed25519@openssh.com,sk-ecdsa-sha2-nistp256@openssh.com,rsa-sha2-512,rsa-sha2-256
hostkey /etc/ssh/ssh_host_ecdsa_key
hostkey /etc/ssh/ssh_host_ed25519_key
hostkey /etc/ssh/ssh_host_rsa_key
kbdinteractiveauthentication no
listenaddress 0.0.0.0:22
listenaddress [::]:22
maxsessions 10
maxstartups 10:30:100
passwordauthentication yes
permitemptypasswords no
permitrootlogin yes
pubkeyacceptedalgorithms ssh-ed25519-cert-v01@openssh.com,ecdsa-sha2-nistp256-cert-v01@openssh.com,ecdsa-sha2-nistp384-cert-v01@openssh.com,ecdsa-sha2-nistp521-cert-v01@openssh.com,sk-ssh-ed25519-cert-v01@openssh.com,sk-ecdsa-sha2-nistp256-cert-v01@openssh.com,rsa-sha2-512-cert-v01@openssh.com,rsa-sha2-256-cert-v01@openssh.com,ssh-ed25519,ecdsa-sha2-nistp256,ecdsa-sha2-nistp384,ecdsa-sha2-nistp521,sk-ssh-ed25519@openssh.com,sk-ecdsa-sha2-nistp256@openssh.com,rsa-sha2-512,rsa-sha2-256
pubkeyauthentication yes
pubkeyauthoptions none
tcpkeepalive yes
usedns no
usepam yes
x11displayoffset 10
x11forwarding yes
x11uselocalhost yes

===SSHD-STATUS===
● ssh.service - OpenBSD Secure Shell server
     Loaded: loaded (/usr/lib/systemd/system/ssh.service; enabled; preset: enabled)
     Active: active (running) since Sun 2000-01-02 01:17:28 MSK; 1h 2min ago
       Docs: man:sshd(8)
             man:sshd_config(5)
    Process: 17336 ExecStartPre=/usr/sbin/sshd -t (code=exited, status=0/SUCCESS)
   Main PID: 17338 (sshd)
        CPU: 2.091s
     CGroup: /system.slice/ssh.service
             ├─17338 "sshd: /usr/sbin/sshd -D [listener] 0 of 10-100 startups"
             ├─24039 "sshd: root@notty"
             ├─24045 bash -s
             ├─24079 systemctl status ssh --no-pager
             └─24080 head -20

янв 02 01:17:55 SA-02 sshd[17409]: pam_unix(sshd:session): session closed for user root
янв 02 02:18:33 SA-02 sshd[23912]: pam_unix(sshd:account): account root has password changed in future
янв 02 02:18:33 SA-02 sshd[23912]: Accepted publickey for root from 192.168.1.5 port 40913 ssh2: ED25519 SHA256:TSk/8e4yFM6C9YI58JuvyfpyEdiMWa67xDwprmYGVfk
янв 02 02:18:33 SA-02 sshd[23912]: pam_unix(sshd:session): session opened for user root(uid=0) by (uid=0)
янв 02 02:18:33 SA-02 sshd[23912]: Received disconnect from 192.168.1.5 port 40913:11: disconnected by user

===FAILED-UNITS===
  UNIT                      LOAD   ACTIVE SUB    DESCRIPTION
● storage-mount@sda.service loaded failed failed Mount storage device sda (USB / microSD)

Legend: LOAD   → Reflects whether the unit definition was properly loaded.
        ACTIVE → The high-level unit activation state, i.e. generalization of SUB.
        SUB    → The low-level unit activation state, values depend on unit type.

1 loaded units listed.

===NET-WATCHDOG===
● net-watchdog.service - SA-02m network interface watchdog
     Loaded: loaded (/etc/systemd/system/net-watchdog.service; enabled; preset: enabled)
     Active: active (running) since Sun 2000-01-02 00:29:22 MSK; 1h 50min ago
       Docs: file:/usr/local/bin/net-watchdog.sh
   Main PID: 815 (net-watchdog.sh)
        CPU: 1min 13.381s
     CGroup: /system.slice/net-watchdog.service
             ├─  815 /bin/bash /usr/local/bin/net-watchdog.sh
             └─24037 sleep 30

янв 02 02:14:19 SA-02 net-watchdog[23422]: [2000-01-02 02:14:19] [INFO] eth0: шлюз 192.168.1.1 пока недоступен и ещё ни разу не отвечал; считаем интерфейс рабочим по carrier+IP
янв 02 02:14:52 SA-02 net-watchdog[23465]: [2000-01-02 02:14:52] [INFO] eth0: шлюз 192.168.1.1 пока недоступен и ещё ни разу не отвечал; считаем интерфейс рабочим по carrier+IP
янв 02 02:15:26 SA-02 net-watchdog[23567]: [2000-01-02 02:15:26] [INFO] eth0: шлюз 192.168.1.1 пока недоступен и ещё ни разу не отвечал; считаем интерфейс рабочим по carrier+IP
янв 02 02:15:59 SA-02 net-watchdog[23604]: [2000-01-02 02:15:59] [INFO] eth0: шлюз 192.168.1.1 пока недоступен и ещё ни разу не отвечал; считаем интерфейс рабочим по carrier+IP
янв 02 02:16:33 SA-02 net-watchdog[23679]: [2000-01-02 02:16:33] [INFO] eth0: шлюз 192.168.1.1 пока недоступен и ещё ни разу не отвечал; считаем интерфейс рабочим по carrier+IP
янв 02 02:17:07 SA-02 net-watchdog[23734]: [2000-01-02 02:17:07] [INFO] eth0: шлюз 192.168.1.1 пока недоступен и ещё ни разу не отвечал; считаем интерфейс рабочим по carrier+IP
янв 02 02:17:40 SA-02 net-watchdog[23801]: [2000-01-02 02:17:40] [INFO] eth0: шлюз 192.168.1.1 пока недоступен и ещё ни разу не отвечал; считаем интерфейс рабочим по carrier+IP
янв 02 02:18:14 SA-02 net-watchdog[23846]: [2000-01-02 02:18:14] [INFO] eth0: шлюз 192.168.1.1 пока недоступен и ещё ни разу не отвечал; считаем интерфейс рабочим по carrier+IP
янв 02 02:18:48 SA-02 net-watchdog[23936]: [2000-01-02 02:18:48] [INFO] eth0: шлюз 192.168.1.1 пока недоступен и ещё ни разу не отвечал; считаем интерфейс рабочим по carrier+IP
янв 02 02:19:21 SA-02 net-watchdog[24004]: [2000-01-02 02:19:21] [INFO] eth0: шлюз 192.168.1.1 пока недоступен и ещё ни разу не отвечал; считаем интерфейс рабочим по carrier+IP

===FIX-ETH===
○ fix-eth.service - SA-02m network recovery (all configured interfaces)
     Loaded: loaded (/etc/systemd/system/fix-eth.service; disabled; preset: enabled)
     Active: inactive (dead)
       Docs: file:/usr/local/bin/fix-eth.sh

===FIX-ETH-LOG===
[2000-01-02 01:51:54] [INFO] eth0: шлюз 192.168.1.1 пока недоступен и ещё ни разу не отвечал; считаем интерфейс рабочим по carrier+IP
[2000-01-02 01:52:27] [INFO] eth0: шлюз 192.168.1.1 пока недоступен и ещё ни разу не отвечал; считаем интерфейс рабочим по carrier+IP
[2000-01-02 01:53:01] [INFO] eth0: шлюз 192.168.1.1 пока недоступен и ещё ни разу не отвечал; считаем интерфейс рабочим по carrier+IP
[2000-01-02 01:53:35] [INFO] eth0: шлюз 192.168.1.1 пока недоступен и ещё ни разу не отвечал; считаем интерфейс рабочим по carrier+IP
[2000-01-02 01:54:08] [INFO] eth0: шлюз 192.168.1.1 пока недоступен и ещё ни разу не отвечал; считаем интерфейс рабочим по carrier+IP
[2000-01-02 01:54:42] [INFO] eth0: шлюз 192.168.1.1 пока недоступен и ещё ни разу не отвечал; считаем интерфейс рабочим по carrier+IP
[2000-01-02 01:55:15] [INFO] eth0: шлюз 192.168.1.1 пока недоступен и ещё ни разу не отвечал; считаем интерфейс рабочим по carrier+IP
[2000-01-02 01:55:49] [INFO] eth0: шлюз 192.168.1.1 пока недоступен и ещё ни разу не отвечал; считаем интерфейс рабочим по carrier+IP
[2000-01-02 01:56:23] [INFO] eth0: шлюз 192.168.1.1 пока недоступен и ещё ни разу не отвечал; считаем интерфейс рабочим по carrier+IP
[2000-01-02 01:56:56] [INFO] eth0: шлюз 192.168.1.1 пока недоступен и ещё ни разу не отвечал; считаем интерфейс рабочим по carrier+IP
[2000-01-02 01:57:30] [INFO] eth0: шлюз 192.168.1.1 пока недоступен и ещё ни разу не отвечал; считаем интерфейс рабочим по carrier+IP
[2000-01-02 01:58:04] [INFO] eth0: шлюз 192.168.1.1 пока недоступен и ещё ни разу не отвечал; считаем интерфейс рабочим по carrier+IP
[2000-01-02 01:58:37] [INFO] eth0: шлюз 192.168.1.1 пока недоступен и ещё ни разу не отвечал; считаем интерфейс рабочим по carrier+IP
[2000-01-02 01:59:11] [INFO] eth0: шлюз 192.168.1.1 пока недоступен и ещё ни разу не отвечал; считаем интерфейс рабочим по carrier+IP
[2000-01-02 01:59:44] [INFO] eth0: шлюз 192.168.1.1 пока недоступен и ещё ни разу не отвечал; считаем интерфейс рабочим по carrier+IP
[2000-01-02 02:00:18] [INFO] eth0: шлюз 192.168.1.1 пока недоступен и ещё ни разу не отвечал; считаем интерфейс рабочим по carrier+IP
[2000-01-02 02:00:52] [INFO] eth0: шлюз 192.168.1.1 пока недоступен и ещё ни разу не отвечал; считаем интерфейс рабочим по carrier+IP
[2000-01-02 02:01:25] [INFO] eth0: шлюз 192.168.1.1 пока недоступен и ещё ни разу не отвечал; считаем интерфейс рабочим по carrier+IP
[2000-01-02 02:01:59] [INFO] eth0: шлюз 192.168.1.1 пока недоступен и ещё ни разу не отвечал; считаем интерфейс рабочим по carrier+IP
[2000-01-02 02:02:32] [INFO] eth0: шлюз 192.168.1.1 пока недоступен и ещё ни разу не отвечал; считаем интерфейс рабочим по carrier+IP
[2000-01-02 02:03:06] [INFO] eth0: шлюз 192.168.1.1 пока недоступен и ещё ни разу не отвечал; считаем интерфейс рабочим по carrier+IP
[2000-01-02 02:03:39] [INFO] eth0: шлюз 192.168.1.1 пока недоступен и ещё ни разу не отвечал; считаем интерфейс рабочим по carrier+IP
[2000-01-02 02:04:13] [INFO] eth0: шлюз 192.168.1.1 пока недоступен и ещё ни разу не отвечал; считаем интерфейс рабочим по carrier+IP
[2000-01-02 02:04:47] [INFO] eth0: шлюз 192.168.1.1 пока недоступен и ещё ни разу не отвечал; считаем интерфейс рабочим по carrier+IP
[2000-01-02 02:05:20] [INFO] eth0: шлюз 192.168.1.1 пока недоступен и ещё ни разу не отвечал; считаем интерфейс рабочим по carrier+IP
[2000-01-02 02:05:54] [INFO] eth0: шлюз 192.168.1.1 пока недоступен и ещё ни разу не отвечал; считаем интерфейс рабочим по carrier+IP
[2000-01-02 02:06:28] [INFO] eth0: шлюз 192.168.1.1 пока недоступен и ещё ни разу не отвечал; считаем интерфейс рабочим по carrier+IP
[2000-01-02 02:07:01] [INFO] eth0: шлюз 192.168.1.1 пока недоступен и ещё ни разу не отвечал; считаем интерфейс рабочим по carrier+IP
[2000-01-02 02:07:35] [INFO] eth0: шлюз 192.168.1.1 пока недоступен и ещё ни разу не отвечал; считаем интерфейс рабочим по carrier+IP
[2000-01-02 02:08:08] [INFO] eth0: шлюз 192.168.1.1 пока недоступен и ещё ни разу не отвечал; считаем интерфейс рабочим по carrier+IP
[2000-01-02 02:08:42] [INFO] eth0: шлюз 192.168.1.1 пока недоступен и ещё ни разу не отвечал; считаем интерфейс рабочим по carrier+IP
[2000-01-02 02:09:16] [INFO] eth0: шлюз 192.168.1.1 пока недоступен и ещё ни разу не отвечал; считаем интерфейс рабочим по carrier+IP
[2000-01-02 02:09:49] [INFO] eth0: шлюз 192.168.1.1 пока недоступен и ещё ни разу не отвечал; считаем интерфейс рабочим по carrier+IP
[2000-01-02 02:10:23] [INFO] eth0: шлюз 192.168.1.1 пока недоступен и ещё ни разу не отвечал; считаем интерфейс рабочим по carrier+IP
[2000-01-02 02:10:57] [INFO] eth0: шлюз 192.168.1.1 пока недоступен и ещё ни разу не отвечал; считаем интерфейс рабочим по carrier+IP
[2000-01-02 02:11:30] [INFO] eth0: шлюз 192.168.1.1 пока недоступен и ещё ни разу не отвечал; считаем интерфейс рабочим по carrier+IP
[2000-01-02 02:12:04] [INFO] eth0: шлюз 192.168.1.1 пока недоступен и ещё ни разу не отвечал; считаем интерфейс рабочим по carrier+IP
[2000-01-02 02:12:38] [INFO] eth0: шлюз 192.168.1.1 пока недоступен и ещё ни разу не отвечал; считаем интерфейс рабочим по carrier+IP
[2000-01-02 02:13:11] [INFO] eth0: шлюз 192.168.1.1 пока недоступен и ещё ни разу не отвечал; считаем интерфейс рабочим по carrier+IP
[2000-01-02 02:13:45] [INFO] eth0: шлюз 192.168.1.1 пока недоступен и ещё ни разу не отвечал; считаем интерфейс рабочим по carrier+IP
[2000-01-02 02:14:19] [INFO] eth0: шлюз 192.168.1.1 пока недоступен и ещё ни разу не отвечал; считаем интерфейс рабочим по carrier+IP
[2000-01-02 02:14:52] [INFO] eth0: шлюз 192.168.1.1 пока недоступен и ещё ни разу не отвечал; считаем интерфейс рабочим по carrier+IP
[2000-01-02 02:15:26] [INFO] eth0: шлюз 192.168.1.1 пока недоступен и ещё ни разу не отвечал; считаем интерфейс рабочим по carrier+IP
[2000-01-02 02:15:59] [INFO] eth0: шлюз 192.168.1.1 пока недоступен и ещё ни разу не отвечал; считаем интерфейс рабочим по carrier+IP
[2000-01-02 02:16:33] [INFO] eth0: шлюз 192.168.1.1 пока недоступен и ещё ни разу не отвечал; считаем интерфейс рабочим по carrier+IP
[2000-01-02 02:17:07] [INFO] eth0: шлюз 192.168.1.1 пока недоступен и ещё ни разу не отвечал; считаем интерфейс рабочим по carrier+IP
[2000-01-02 02:17:40] [INFO] eth0: шлюз 192.168.1.1 пока недоступен и ещё ни разу не отвечал; считаем интерфейс рабочим по carrier+IP
[2000-01-02 02:18:14] [INFO] eth0: шлюз 192.168.1.1 пока недоступен и ещё ни разу не отвечал; считаем интерфейс рабочим по carrier+IP
[2000-01-02 02:18:48] [INFO] eth0: шлюз 192.168.1.1 пока недоступен и ещё ни разу не отвечал; считаем интерфейс рабочим по carrier+IP
[2000-01-02 02:19:21] [INFO] eth0: шлюз 192.168.1.1 пока недоступен и ещё ни разу не отвечал; считаем интерфейс рабочим по carrier+IP

===DMESG-ETH===
[Вс янв  2 00:29:06 2000] Booting Linux on physical CPU 0x0
[Вс янв  2 00:29:06 2000] arch_timer: cp15 timer(s) running at 24.00MHz (phys).
[Вс янв  2 00:29:06 2000] sun4i-mdio 1c0b080.mdio: supply phy not found, using dummy regulator
[Вс янв  2 00:29:06 2000] sun4i-usb-phy 1c13400.phy: phy0 dr_mode=2
[Вс янв  2 00:29:06 2000] sun4i-mdio 1c0b080.mdio: supply phy not found, using dummy regulator
[Вс янв  2 00:29:06 2000] usb_phy_generic usb_phy_generic.1.auto: supply vcc not found, using dummy regulator
[Вс янв  2 00:29:06 2000] usb_phy_generic usb_phy_generic.1.auto: dummy supplies not allowed for exclusive requests
[Вс янв  2 00:29:06 2000] sun8i-hdmi-phy 1ef0000.hdmi-phy: Enable tvd vcc
[Вс янв  2 00:29:06 2000] sun4i-mdio 1c0b080.mdio: supply phy not found, using dummy regulator
[Вс янв  2 00:29:07 2000] sun4i-emac 1c0b000.ethernet (unnamed net_device) (uninitialized): get io resource from device: 0x01c0b000, size = 4096
[Вс янв  2 00:29:07 2000] sun4i-emac 1c0b000.ethernet (unnamed net_device) (uninitialized): failed to request dma channel. dma is disabled
[Вс янв  2 00:29:07 2000] sun4i-emac 1c0b000.ethernet (unnamed net_device) (uninitialized): configure dma failed. disable dma.
[Вс янв  2 00:29:07 2000] sun4i-emac 1c0b000.ethernet: eth0: at (ptrval), IRQ 132 MAC: 02:53:1f:58:b7:60
[Вс янв  2 00:29:07 2000] dwmac-sun8i 1c50000.ethernet: IRQ eth_wake_irq not found
[Вс янв  2 00:29:07 2000] dwmac-sun8i 1c50000.ethernet: IRQ eth_lpi not found
[Вс янв  2 00:29:07 2000] dwmac-sun8i 1c50000.ethernet: PTP uses main clock
[Вс янв  2 00:29:07 2000] dwmac-sun8i 1c50000.ethernet: Current syscon value is not the default 6 (expect 0)
[Вс янв  2 00:29:07 2000] dwmac-sun8i 1c50000.ethernet: No HW DMA feature register supported
[Вс янв  2 00:29:07 2000] dwmac-sun8i 1c50000.ethernet: RX Checksum Offload Engine supported
[Вс янв  2 00:29:07 2000] dwmac-sun8i 1c50000.ethernet: COE Type 2
[Вс янв  2 00:29:07 2000] dwmac-sun8i 1c50000.ethernet: TX Checksum insertion supported
[Вс янв  2 00:29:07 2000] dwmac-sun8i 1c50000.ethernet: Normal descriptors
[Вс янв  2 00:29:07 2000] dwmac-sun8i 1c50000.ethernet: Chain mode enabled
[Вс янв  2 00:29:17 2000] sun4i-emac 1c0b000.ethernet eth0: Link is Up - 100Mbps/Full - flow control off
[Вс янв  2 00:29:22 2000] dwmac-sun8i 1c50000.ethernet eth1: Register MEM_TYPE_PAGE_POOL RxQ-0
[Вс янв  2 00:29:22 2000] dwmac-sun8i 1c50000.ethernet eth1: PHY [stmmac-1:00] driver [Generic PHY] (irq=POLL)
[Вс янв  2 00:29:22 2000] dwmac-sun8i 1c50000.ethernet eth1: No Safety Features support found
[Вс янв  2 00:29:22 2000] dwmac-sun8i 1c50000.ethernet eth1: No MAC Management Counters available
[Вс янв  2 00:29:22 2000] dwmac-sun8i 1c50000.ethernet eth1: PTP not supported by HW
[Вс янв  2 00:29:22 2000] dwmac-sun8i 1c50000.ethernet eth1: configuring for phy/mii link mode
[Вс янв  2 00:29:37 2000] vcc-gmac-phy: disabling

===JOURNAL-RECENT-ERR===
янв 02 02:06:19 SA-02 kernel: watchdog: watchdog0: watchdog did not stop!
янв 02 02:06:29 SA-02 kernel: watchdog: watchdog0: watchdog did not stop!
янв 02 02:06:39 SA-02 kernel: watchdog: watchdog0: watchdog did not stop!
янв 02 02:06:49 SA-02 kernel: watchdog: watchdog0: watchdog did not stop!
янв 02 02:06:59 SA-02 kernel: watchdog: watchdog0: watchdog did not stop!
янв 02 02:07:09 SA-02 kernel: watchdog: watchdog0: watchdog did not stop!
янв 02 02:07:19 SA-02 kernel: watchdog: watchdog0: watchdog did not stop!
янв 02 02:07:29 SA-02 kernel: watchdog: watchdog0: watchdog did not stop!
янв 02 02:07:39 SA-02 kernel: watchdog: watchdog0: watchdog did not stop!
янв 02 02:07:49 SA-02 kernel: watchdog: watchdog0: watchdog did not stop!
янв 02 02:07:59 SA-02 kernel: watchdog: watchdog0: watchdog did not stop!
янв 02 02:08:09 SA-02 kernel: watchdog: watchdog0: watchdog did not stop!
янв 02 02:08:19 SA-02 kernel: watchdog: watchdog0: watchdog did not stop!
янв 02 02:08:29 SA-02 kernel: watchdog: watchdog0: watchdog did not stop!
янв 02 02:08:39 SA-02 kernel: watchdog: watchdog0: watchdog did not stop!
янв 02 02:08:49 SA-02 kernel: watchdog: watchdog0: watchdog did not stop!
янв 02 02:08:59 SA-02 kernel: watchdog: watchdog0: watchdog did not stop!
янв 02 02:09:09 SA-02 kernel: watchdog: watchdog0: watchdog did not stop!
янв 02 02:09:19 SA-02 kernel: watchdog: watchdog0: watchdog did not stop!
янв 02 02:09:29 SA-02 kernel: watchdog: watchdog0: watchdog did not stop!
янв 02 02:09:39 SA-02 kernel: watchdog: watchdog0: watchdog did not stop!
янв 02 02:09:49 SA-02 kernel: watchdog: watchdog0: watchdog did not stop!
янв 02 02:09:59 SA-02 kernel: watchdog: watchdog0: watchdog did not stop!
янв 02 02:10:09 SA-02 kernel: watchdog: watchdog0: watchdog did not stop!
янв 02 02:10:19 SA-02 kernel: watchdog: watchdog0: watchdog did not stop!
янв 02 02:10:30 SA-02 kernel: watchdog: watchdog0: watchdog did not stop!
янв 02 02:10:40 SA-02 kernel: watchdog: watchdog0: watchdog did not stop!
янв 02 02:10:50 SA-02 kernel: watchdog: watchdog0: watchdog did not stop!
янв 02 02:11:00 SA-02 kernel: watchdog: watchdog0: watchdog did not stop!
янв 02 02:11:10 SA-02 kernel: watchdog: watchdog0: watchdog did not stop!
янв 02 02:11:20 SA-02 kernel: watchdog: watchdog0: watchdog did not stop!
янв 02 02:11:30 SA-02 kernel: watchdog: watchdog0: watchdog did not stop!
янв 02 02:11:40 SA-02 kernel: watchdog: watchdog0: watchdog did not stop!
янв 02 02:11:50 SA-02 kernel: watchdog: watchdog0: watchdog did not stop!
янв 02 02:12:00 SA-02 kernel: watchdog: watchdog0: watchdog did not stop!
янв 02 02:12:10 SA-02 kernel: watchdog: watchdog0: watchdog did not stop!
янв 02 02:12:20 SA-02 kernel: watchdog: watchdog0: watchdog did not stop!
янв 02 02:12:30 SA-02 kernel: watchdog: watchdog0: watchdog did not stop!
янв 02 02:12:40 SA-02 kernel: watchdog: watchdog0: watchdog did not stop!
янв 02 02:12:50 SA-02 kernel: watchdog: watchdog0: watchdog did not stop!
янв 02 02:13:00 SA-02 kernel: watchdog: watchdog0: watchdog did not stop!
янв 02 02:13:10 SA-02 kernel: watchdog: watchdog0: watchdog did not stop!
янв 02 02:13:20 SA-02 kernel: watchdog: watchdog0: watchdog did not stop!
янв 02 02:13:30 SA-02 kernel: watchdog: watchdog0: watchdog did not stop!
янв 02 02:13:40 SA-02 kernel: watchdog: watchdog0: watchdog did not stop!
янв 02 02:13:50 SA-02 kernel: watchdog: watchdog0: watchdog did not stop!
янв 02 02:14:00 SA-02 kernel: watchdog: watchdog0: watchdog did not stop!
янв 02 02:14:10 SA-02 kernel: watchdog: watchdog0: watchdog did not stop!
янв 02 02:14:20 SA-02 kernel: watchdog: watchdog0: watchdog did not stop!
янв 02 02:14:30 SA-02 kernel: watchdog: watchdog0: watchdog did not stop!
янв 02 02:14:40 SA-02 kernel: watchdog: watchdog0: watchdog did not stop!
янв 02 02:14:50 SA-02 kernel: watchdog: watchdog0: watchdog did not stop!
янв 02 02:15:00 SA-02 kernel: watchdog: watchdog0: watchdog did not stop!
янв 02 02:15:10 SA-02 kernel: watchdog: watchdog0: watchdog did not stop!
янв 02 02:15:20 SA-02 kernel: watchdog: watchdog0: watchdog did not stop!
янв 02 02:15:30 SA-02 kernel: watchdog: watchdog0: watchdog did not stop!
янв 02 02:15:40 SA-02 kernel: watchdog: watchdog0: watchdog did not stop!
янв 02 02:15:50 SA-02 kernel: watchdog: watchdog0: watchdog did not stop!
янв 02 02:16:00 SA-02 kernel: watchdog: watchdog0: watchdog did not stop!
янв 02 02:16:10 SA-02 kernel: watchdog: watchdog0: watchdog did not stop!
янв 02 02:16:20 SA-02 kernel: watchdog: watchdog0: watchdog did not stop!
янв 02 02:16:30 SA-02 kernel: watchdog: watchdog0: watchdog did not stop!
янв 02 02:16:40 SA-02 kernel: watchdog: watchdog0: watchdog did not stop!
янв 02 02:16:50 SA-02 kernel: watchdog: watchdog0: watchdog did not stop!
янв 02 02:17:00 SA-02 kernel: watchdog: watchdog0: watchdog did not stop!
янв 02 02:17:10 SA-02 kernel: watchdog: watchdog0: watchdog did not stop!
янв 02 02:17:20 SA-02 kernel: watchdog: watchdog0: watchdog did not stop!
янв 02 02:17:30 SA-02 kernel: watchdog: watchdog0: watchdog did not stop!
янв 02 02:17:40 SA-02 kernel: watchdog: watchdog0: watchdog did not stop!
янв 02 02:17:50 SA-02 kernel: watchdog: watchdog0: watchdog did not stop!
янв 02 02:18:00 SA-02 kernel: watchdog: watchdog0: watchdog did not stop!
янв 02 02:18:10 SA-02 kernel: watchdog: watchdog0: watchdog did not stop!
янв 02 02:18:20 SA-02 kernel: watchdog: watchdog0: watchdog did not stop!
янв 02 02:18:30 SA-02 kernel: watchdog: watchdog0: watchdog did not stop!
янв 02 02:18:40 SA-02 kernel: watchdog: watchdog0: watchdog did not stop!
янв 02 02:18:50 SA-02 kernel: watchdog: watchdog0: watchdog did not stop!
янв 02 02:19:00 SA-02 kernel: watchdog: watchdog0: watchdog did not stop!
янв 02 02:19:10 SA-02 kernel: watchdog: watchdog0: watchdog did not stop!
янв 02 02:19:20 SA-02 kernel: watchdog: watchdog0: watchdog did not stop!
янв 02 02:19:30 SA-02 kernel: watchdog: watchdog0: watchdog did not stop!
